error: custom attribute panicked
 --> $DIR/inequal_amount_of_arg.rs:3:1
  |
3 | #[parameterized(v = { "a", "b" }, w = { 1, 2, 3 })]
  | ^^^^^^^^^^^^^^^^^^^^^^^^^^^^^^^^^^^^^^^^^^^^^^^^^^^
  |
  = help: message: All inputs (v, w) should have equal length.
